producer_class	xtools.gsea.Gsea
producer_timestamp	1616846860379
param	zip_report	false
param	num	100
param	scoring_scheme	weighted
param	norm	meandiv
param	out	/home/guille/gsea_home/output/mar27
param	mode	Max_probe
param	include_only_symbols	true
param	set_max	500
param	gmx	ftp.broadinstitute.org://pub/gsea/gene_sets/h.all.v7.3.symbols.gmt
param	plot_top_x	20
param	nperm	1000
param	order	descending
param	rpt_label	hpb_h.hallmarks
param	rnd_seed	timestamp
param	set_min	15
param	res	/home/guille/Desktop/trabajo-microarray/GSEA_files/GSE18198_hpb.gct
param	chip	/home/guille/Desktop/trabajo-microarray/GSEA_files/GSE18198.chip
param	create_svgs	false
param	cls	/home/guille/Desktop/trabajo-microarray/GSEA_files/GSE18198_single_cell_line.cls#SAHM1_versus_DMSO
param	sort	real
param	create_gcts	false
param	help	false
param	save_rnd_lists	false
param	median	false
param	metric	Signal2Noise
param	make_sets	true
param	rnd_type	no_balance
param	gui	false
param	permute	gene_set
param	collapse	Collapse

file	/home/guille/gsea_home/output/mar27/hpb_h.hallmarks.Gsea.1616846860379/index.html
